// Jest Snapshot v1, https://goo.gl/fbAQLP

exports[`can add new items 1`] = `
Object {
  "items": Array [
    Object {
      "image": "",
      "name": "Book of G.K Chesterton",
      "price": 10,
    },
  ],
}
`;
